[2024-06-28T22:58:07.571+0300][6ms] CardTable entry size: 512
[2024-06-28T22:58:07.571+0300][6ms] Using G1
[2024-06-28T22:58:07.572+0300][7ms] Version: 21.0.1+12-29 (release)
[2024-06-28T22:58:07.572+0300][7ms] CPUs: 8 total, 8 available
[2024-06-28T22:58:07.572+0300][7ms] Memory: 16384M
[2024-06-28T22:58:07.572+0300][7ms] Large Page Support: Disabled
[2024-06-28T22:58:07.572+0300][7ms] NUMA Support: Disabled
[2024-06-28T22:58:07.572+0300][7ms] Compressed Oops: Enabled (Zero based)
[2024-06-28T22:58:07.572+0300][7ms] Heap Region Size: 2M
[2024-06-28T22:58:07.572+0300][7ms] Heap Min Capacity: 8M
[2024-06-28T22:58:07.572+0300][7ms] Heap Initial Capacity: 256M
[2024-06-28T22:58:07.572+0300][7ms] Heap Max Capacity: 4G
[2024-06-28T22:58:07.572+0300][7ms] Pre-touch: Disabled
[2024-06-28T22:58:07.572+0300][7ms] Parallel Workers: 8
[2024-06-28T22:58:07.572+0300][7ms] Concurrent Workers: 2
[2024-06-28T22:58:07.572+0300][7ms] Concurrent Refinement Workers: 8
[2024-06-28T22:58:07.572+0300][7ms] Periodic GC: Disabled
[2024-06-28T22:58:07.576+0300][11ms] CDS archive(s) mapped at: [0x000000d800000000-0x000000d800ca4000-0x000000d800ca4000), size 13254656, SharedBaseAddress: 0x000000d800000000, ArchiveRelocationMode: 1.
[2024-06-28T22:58:07.576+0300][11ms] Compressed class space mapped at: 0x000000d801000000-0x000000d841000000, reserved size: 1073741824
[2024-06-28T22:58:07.576+0300][11ms] Narrow klass base: 0x000000d800000000, Narrow klass shift: 0, Narrow klass range: 0x100000000
[2024-06-28T22:58:07.847+0300][281ms] GC(0) Pause Young (Normal) (G1 Evacuation Pause)
[2024-06-28T22:58:07.847+0300][282ms] GC(0) Using 6 workers of 8 for evacuation
[2024-06-28T22:58:07.849+0300][284ms] GC(0)   Pre Evacuate Collection Set: 0.1ms
[2024-06-28T22:58:07.849+0300][284ms] GC(0)   Merge Heap Roots: 0.0ms
[2024-06-28T22:58:07.849+0300][284ms] GC(0)   Evacuate Collection Set: 1.9ms
[2024-06-28T22:58:07.849+0300][284ms] GC(0)   Post Evacuate Collection Set: 0.2ms
[2024-06-28T22:58:07.849+0300][284ms] GC(0)   Other: 0.2ms
[2024-06-28T22:58:07.849+0300][284ms] GC(0) Eden regions: 11->0(20)
[2024-06-28T22:58:07.849+0300][284ms] GC(0) Survivor regions: 0->2(2)
[2024-06-28T22:58:07.849+0300][284ms] GC(0) Old regions: 1->2
[2024-06-28T22:58:07.849+0300][284ms] GC(0) Humongous regions: 0->0
[2024-06-28T22:58:07.849+0300][284ms] GC(0) Metaspace: 4677K(4992K)->4677K(4992K) NonClass: 4195K(4352K)->4195K(4352K) Class: 482K(640K)->482K(640K)
[2024-06-28T22:58:07.849+0300][284ms] GC(0) Pause Young (Normal) (G1 Evacuation Pause) 23M->5M(258M) 2.588ms
[2024-06-28T22:58:07.849+0300][284ms] GC(0) User=0.01s Sys=0.00s Real=0.00s
[2024-06-28T22:58:08.196+0300][631ms] GC(1) Pause Young (Normal) (G1 Evacuation Pause)
[2024-06-28T22:58:08.197+0300][631ms] GC(1) Using 8 workers of 8 for evacuation
[2024-06-28T22:58:08.201+0300][636ms] GC(1)   Pre Evacuate Collection Set: 0.1ms
[2024-06-28T22:58:08.201+0300][636ms] GC(1)   Merge Heap Roots: 0.0ms
[2024-06-28T22:58:08.201+0300][636ms] GC(1)   Evacuate Collection Set: 3.8ms
[2024-06-28T22:58:08.201+0300][636ms] GC(1)   Post Evacuate Collection Set: 0.4ms
[2024-06-28T22:58:08.201+0300][636ms] GC(1)   Other: 0.1ms
[2024-06-28T22:58:08.201+0300][636ms] GC(1) Eden regions: 20->0(33)
[2024-06-28T22:58:08.201+0300][636ms] GC(1) Survivor regions: 2->3(3)
[2024-06-28T22:58:08.201+0300][636ms] GC(1) Old regions: 2->4
[2024-06-28T22:58:08.201+0300][636ms] GC(1) Humongous regions: 0->0
[2024-06-28T22:58:08.201+0300][636ms] GC(1) Metaspace: 16879K(17472K)->16879K(17472K) NonClass: 14946K(15296K)->14946K(15296K) Class: 1932K(2176K)->1932K(2176K)
[2024-06-28T22:58:08.201+0300][636ms] GC(1) Pause Young (Normal) (G1 Evacuation Pause) 45M->11M(258M) 4.489ms
[2024-06-28T22:58:08.201+0300][636ms] GC(1) User=0.02s Sys=0.01s Real=0.01s
[2024-06-28T22:58:08.276+0300][711ms] GC(2) Pause Young (Concurrent Start) (Metadata GC Threshold)
[2024-06-28T22:58:08.276+0300][711ms] GC(2) Using 8 workers of 8 for evacuation
[2024-06-28T22:58:08.280+0300][715ms] GC(2)   Pre Evacuate Collection Set: 0.1ms
[2024-06-28T22:58:08.280+0300][715ms] GC(2)   Merge Heap Roots: 0.0ms
[2024-06-28T22:58:08.280+0300][715ms] GC(2)   Evacuate Collection Set: 3.3ms
[2024-06-28T22:58:08.280+0300][715ms] GC(2)   Post Evacuate Collection Set: 0.3ms
[2024-06-28T22:58:08.280+0300][715ms] GC(2)   Other: 0.0ms
[2024-06-28T22:58:08.280+0300][715ms] GC(2) Eden regions: 26->0(53)
[2024-06-28T22:58:08.280+0300][715ms] GC(2) Survivor regions: 3->5(5)
[2024-06-28T22:58:08.280+0300][715ms] GC(2) Old regions: 4->6
[2024-06-28T22:58:08.280+0300][715ms] GC(2) Humongous regions: 0->0
[2024-06-28T22:58:08.280+0300][715ms] GC(2) Metaspace: 20602K(21504K)->20602K(21504K) NonClass: 18113K(18624K)->18113K(18624K) Class: 2488K(2880K)->2488K(2880K)
[2024-06-28T22:58:08.280+0300][715ms] GC(2) Pause Young (Concurrent Start) (Metadata GC Threshold) 62M->20M(258M) 4.015ms
[2024-06-28T22:58:08.280+0300][715ms] GC(3) Concurrent Mark Cycle
[2024-06-28T22:58:08.280+0300][715ms] GC(2) User=0.02s Sys=0.00s Real=0.01s
[2024-06-28T22:58:08.280+0300][715ms] GC(3) Concurrent Scan Root Regions
[2024-06-28T22:58:08.283+0300][718ms] GC(3) Concurrent Scan Root Regions 3.057ms
[2024-06-28T22:58:08.283+0300][718ms] GC(3) Concurrent Mark
[2024-06-28T22:58:08.283+0300][718ms] GC(3) Concurrent Mark From Roots
[2024-06-28T22:58:08.283+0300][718ms] GC(3) Using 2 workers of 2 for marking
[2024-06-28T22:58:08.286+0300][721ms] GC(3) Concurrent Mark From Roots 2.995ms
[2024-06-28T22:58:08.286+0300][721ms] GC(3) Concurrent Preclean
[2024-06-28T22:58:08.286+0300][721ms] GC(3) Concurrent Preclean 0.081ms
[2024-06-28T22:58:08.287+0300][721ms] GC(3) Pause Remark
[2024-06-28T22:58:08.288+0300][722ms] GC(3) Pause Remark 21M->21M(80M) 0.965ms
[2024-06-28T22:58:08.288+0300][722ms] GC(3) User=0.00s Sys=0.00s Real=0.00s
[2024-06-28T22:58:08.288+0300][723ms] GC(3) Concurrent Mark 4.330ms
[2024-06-28T22:58:08.288+0300][723ms] GC(3) Concurrent Rebuild Remembered Sets and Scrub Regions
[2024-06-28T22:58:08.290+0300][725ms] GC(3) Concurrent Rebuild Remembered Sets and Scrub Regions 2.193ms
[2024-06-28T22:58:08.290+0300][725ms] GC(3) Pause Cleanup
[2024-06-28T22:58:08.290+0300][725ms] GC(3) Pause Cleanup 22M->22M(80M) 0.116ms
[2024-06-28T22:58:08.290+0300][725ms] GC(3) User=0.00s Sys=0.00s Real=0.00s
[2024-06-28T22:58:08.290+0300][725ms] GC(3) Concurrent Clear Claimed Marks
[2024-06-28T22:58:08.290+0300][725ms] GC(3) Concurrent Clear Claimed Marks 0.054ms
[2024-06-28T22:58:08.290+0300][725ms] GC(3) Concurrent Cleanup for Next Mark
[2024-06-28T22:58:08.291+0300][725ms] GC(3) Concurrent Cleanup for Next Mark 0.201ms
[2024-06-28T22:58:08.291+0300][726ms] GC(3) Concurrent Mark Cycle 10.416ms
[2024-06-28T22:58:08.539+0300][974ms] GC(4) Pause Young (Prepare Mixed) (G1 Evacuation Pause)
[2024-06-28T22:58:08.539+0300][974ms] GC(4) Using 8 workers of 8 for evacuation
[2024-06-28T22:58:08.545+0300][980ms] GC(4)   Pre Evacuate Collection Set: 0.1ms
[2024-06-28T22:58:08.545+0300][980ms] GC(4)   Merge Heap Roots: 0.0ms
[2024-06-28T22:58:08.545+0300][980ms] GC(4)   Evacuate Collection Set: 5.1ms
[2024-06-28T22:58:08.545+0300][980ms] GC(4)   Post Evacuate Collection Set: 0.6ms
[2024-06-28T22:58:08.545+0300][980ms] GC(4)   Other: 0.0ms
[2024-06-28T22:58:08.545+0300][980ms] GC(4) Eden regions: 29->0(21)
[2024-06-28T22:58:08.545+0300][980ms] GC(4) Survivor regions: 5->5(8)
[2024-06-28T22:58:08.545+0300][980ms] GC(4) Old regions: 6->11
[2024-06-28T22:58:08.545+0300][980ms] GC(4) Humongous regions: 0->0
[2024-06-28T22:58:08.545+0300][980ms] GC(4) Metaspace: 32322K(33728K)->32322K(33728K) NonClass: 27922K(28736K)->27922K(28736K) Class: 4400K(4992K)->4400K(4992K)
[2024-06-28T22:58:08.545+0300][980ms] GC(4) Pause Young (Prepare Mixed) (G1 Evacuation Pause) 78M->29M(100M) 6.061ms
[2024-06-28T22:58:08.545+0300][980ms] GC(4) User=0.03s Sys=0.01s Real=0.01s
[2024-06-28T22:58:08.591+0300][1025ms] GC(5) Pause Young (Mixed) (Metadata GC Threshold)
[2024-06-28T22:58:08.591+0300][1025ms] GC(5) Using 8 workers of 8 for evacuation
[2024-06-28T22:58:08.598+0300][1033ms] GC(5)   Pre Evacuate Collection Set: 0.1ms
[2024-06-28T22:58:08.598+0300][1033ms] GC(5)   Merge Heap Roots: 0.1ms
[2024-06-28T22:58:08.598+0300][1033ms] GC(5)   Evacuate Collection Set: 6.8ms
[2024-06-28T22:58:08.598+0300][1033ms] GC(5)   Post Evacuate Collection Set: 0.3ms
[2024-06-28T22:58:08.598+0300][1033ms] GC(5)   Other: 0.1ms
[2024-06-28T22:58:08.598+0300][1033ms] GC(5) Eden regions: 8->0(21)
[2024-06-28T22:58:08.598+0300][1033ms] GC(5) Survivor regions: 5->1(4)
[2024-06-28T22:58:08.598+0300][1033ms] GC(5) Old regions: 11->15
[2024-06-28T22:58:08.598+0300][1033ms] GC(5) Humongous regions: 0->0
[2024-06-28T22:58:08.598+0300][1033ms] GC(5) Metaspace: 34984K(36416K)->34984K(36416K) NonClass: 30207K(30976K)->30207K(30976K) Class: 4776K(5440K)->4776K(5440K)
[2024-06-28T22:58:08.598+0300][1033ms] GC(5) Pause Young (Mixed) (Metadata GC Threshold) 45M->31M(100M) 7.503ms
[2024-06-28T22:58:08.598+0300][1033ms] GC(5) User=0.04s Sys=0.00s Real=0.00s
[2024-06-28T22:58:08.603+0300][1038ms] GC(6) Pause Young (Concurrent Start) (Metadata GC Threshold)
[2024-06-28T22:58:08.603+0300][1038ms] GC(6) Using 8 workers of 8 for evacuation
[2024-06-28T22:58:08.606+0300][1040ms] GC(6)   Pre Evacuate Collection Set: 0.1ms
[2024-06-28T22:58:08.606+0300][1041ms] GC(6)   Merge Heap Roots: 0.0ms
[2024-06-28T22:58:08.606+0300][1041ms] GC(6)   Evacuate Collection Set: 1.5ms
[2024-06-28T22:58:08.606+0300][1041ms] GC(6)   Post Evacuate Collection Set: 0.6ms
[2024-06-28T22:58:08.606+0300][1041ms] GC(6)   Other: 0.0ms
[2024-06-28T22:58:08.606+0300][1041ms] GC(6) Eden regions: 1->0(42)
[2024-06-28T22:58:08.606+0300][1041ms] GC(6) Survivor regions: 1->1(3)
[2024-06-28T22:58:08.606+0300][1041ms] GC(6) Old regions: 15->15
[2024-06-28T22:58:08.606+0300][1041ms] GC(6) Humongous regions: 0->0
[2024-06-28T22:58:08.606+0300][1041ms] GC(6) Metaspace: 35287K(36736K)->35287K(36736K) NonClass: 30465K(31232K)->30465K(31232K) Class: 4821K(5504K)->4821K(5504K)
[2024-06-28T22:58:08.606+0300][1041ms] GC(6) Pause Young (Concurrent Start) (Metadata GC Threshold) 33M->31M(154M) 2.322ms
[2024-06-28T22:58:08.606+0300][1041ms] GC(7) Concurrent Mark Cycle
[2024-06-28T22:58:08.606+0300][1041ms] GC(6) User=0.01s Sys=0.00s Real=0.00s
[2024-06-28T22:58:08.606+0300][1041ms] GC(7) Concurrent Scan Root Regions
[2024-06-28T22:58:08.608+0300][1043ms] GC(7) Concurrent Scan Root Regions 2.603ms
[2024-06-28T22:58:08.608+0300][1043ms] GC(7) Concurrent Mark
[2024-06-28T22:58:08.608+0300][1043ms] GC(7) Concurrent Mark From Roots
[2024-06-28T22:58:08.608+0300][1043ms] GC(7) Using 2 workers of 2 for marking
[2024-06-28T22:58:08.627+0300][1062ms] GC(7) Concurrent Mark From Roots 18.765ms
[2024-06-28T22:58:08.627+0300][1062ms] GC(7) Concurrent Preclean
[2024-06-28T22:58:08.627+0300][1062ms] GC(7) Concurrent Preclean 0.105ms
[2024-06-28T22:58:08.627+0300][1062ms] GC(7) Pause Remark
[2024-06-28T22:58:08.629+0300][1064ms] GC(7) Pause Remark 37M->37M(134M) 1.357ms
[2024-06-28T22:58:08.629+0300][1064ms] GC(7) User=0.01s Sys=0.00s Real=0.00s
[2024-06-28T22:58:08.629+0300][1064ms] GC(7) Concurrent Mark 20.489ms
[2024-06-28T22:58:08.629+0300][1064ms] GC(7) Concurrent Rebuild Remembered Sets and Scrub Regions
[2024-06-28T22:58:08.641+0300][1076ms] GC(7) Concurrent Rebuild Remembered Sets and Scrub Regions 12.135ms
[2024-06-28T22:58:08.655+0300][1090ms] GC(7) Pause Cleanup
[2024-06-28T22:58:08.655+0300][1090ms] GC(7) Pause Cleanup 43M->43M(134M) 0.081ms
[2024-06-28T22:58:08.655+0300][1090ms] GC(7) User=0.00s Sys=0.00s Real=0.00s
[2024-06-28T22:58:08.656+0300][1091ms] GC(7) Concurrent Clear Claimed Marks
[2024-06-28T22:58:08.656+0300][1091ms] GC(7) Concurrent Clear Claimed Marks 0.082ms
[2024-06-28T22:58:08.656+0300][1091ms] GC(7) Concurrent Cleanup for Next Mark
[2024-06-28T22:58:08.657+0300][1092ms] GC(7) Concurrent Cleanup for Next Mark 0.894ms
[2024-06-28T22:58:08.657+0300][1092ms] GC(7) Concurrent Mark Cycle 50.972ms
[2024-06-28T22:58:08.831+0300][1266ms] GC(8) Pause Young (Prepare Mixed) (G1 Evacuation Pause)
[2024-06-28T22:58:08.831+0300][1266ms] GC(8) Using 8 workers of 8 for evacuation
[2024-06-28T22:58:08.835+0300][1270ms] GC(8)   Pre Evacuate Collection Set: 0.1ms
[2024-06-28T22:58:08.835+0300][1270ms] GC(8)   Merge Heap Roots: 0.0ms
[2024-06-28T22:58:08.835+0300][1270ms] GC(8)   Evacuate Collection Set: 3.8ms
[2024-06-28T22:58:08.835+0300][1270ms] GC(8)   Post Evacuate Collection Set: 0.4ms
[2024-06-28T22:58:08.835+0300][1270ms] GC(8)   Other: 0.0ms
[2024-06-28T22:58:08.835+0300][1270ms] GC(8) Eden regions: 39->0(32)
[2024-06-28T22:58:08.835+0300][1270ms] GC(8) Survivor regions: 1->5(5)
[2024-06-28T22:58:08.835+0300][1270ms] GC(8) Old regions: 15->16
[2024-06-28T22:58:08.835+0300][1270ms] GC(8) Humongous regions: 0->0
[2024-06-28T22:58:08.835+0300][1270ms] GC(8) Metaspace: 49954K(51968K)->49954K(51968K) NonClass: 43313K(44544K)->43313K(44544K) Class: 6641K(7424K)->6641K(7424K)
[2024-06-28T22:58:08.835+0300][1270ms] GC(8) Pause Young (Prepare Mixed) (G1 Evacuation Pause) 109M->41M(134M) 4.512ms
[2024-06-28T22:58:08.835+0300][1270ms] GC(8) User=0.03s Sys=0.00s Real=0.00s
[2024-06-28T22:58:09.906+0300][2341ms] GC(9) Pause Young (Mixed) (G1 Evacuation Pause)
[2024-06-28T22:58:09.906+0300][2341ms] GC(9) Using 8 workers of 8 for evacuation
[2024-06-28T22:58:09.912+0300][2347ms] GC(9)   Pre Evacuate Collection Set: 0.1ms
[2024-06-28T22:58:09.912+0300][2347ms] GC(9)   Merge Heap Roots: 0.0ms
[2024-06-28T22:58:09.912+0300][2347ms] GC(9)   Evacuate Collection Set: 5.5ms
[2024-06-28T22:58:09.912+0300][2347ms] GC(9)   Post Evacuate Collection Set: 0.3ms
[2024-06-28T22:58:09.912+0300][2347ms] GC(9)   Other: 0.0ms
[2024-06-28T22:58:09.912+0300][2347ms] GC(9) Eden regions: 32->0(30)
[2024-06-28T22:58:09.912+0300][2347ms] GC(9) Survivor regions: 5->4(5)
[2024-06-28T22:58:09.912+0300][2347ms] GC(9) Old regions: 16->21
[2024-06-28T22:58:09.912+0300][2347ms] GC(9) Humongous regions: 0->0
[2024-06-28T22:58:09.912+0300][2347ms] GC(9) Metaspace: 56448K(58688K)->56448K(58688K) NonClass: 48994K(50368K)->48994K(50368K) Class: 7454K(8320K)->7454K(8320K)
[2024-06-28T22:58:09.912+0300][2347ms] GC(9) Pause Young (Mixed) (G1 Evacuation Pause) 105M->47M(134M) 6.160ms
[2024-06-28T22:58:09.912+0300][2347ms] GC(9) User=0.03s Sys=0.01s Real=0.01s
[2024-06-28T22:58:10.104+0300][2539ms] GC(10) Pause Young (Normal) (G1 Evacuation Pause)
[2024-06-28T22:58:10.104+0300][2539ms] GC(10) Using 8 workers of 8 for evacuation
[2024-06-28T22:58:10.107+0300][2542ms] GC(10)   Pre Evacuate Collection Set: 0.1ms
[2024-06-28T22:58:10.107+0300][2542ms] GC(10)   Merge Heap Roots: 0.0ms
[2024-06-28T22:58:10.107+0300][2542ms] GC(10)   Evacuate Collection Set: 3.0ms
[2024-06-28T22:58:10.107+0300][2542ms] GC(10)   Post Evacuate Collection Set: 0.2ms
[2024-06-28T22:58:10.107+0300][2542ms] GC(10)   Other: 0.0ms
[2024-06-28T22:58:10.107+0300][2542ms] GC(10) Eden regions: 30->0(31)
[2024-06-28T22:58:10.107+0300][2542ms] GC(10) Survivor regions: 4->2(5)
[2024-06-28T22:58:10.107+0300][2542ms] GC(10) Old regions: 21->24
[2024-06-28T22:58:10.107+0300][2542ms] GC(10) Humongous regions: 0->0
[2024-06-28T22:58:10.107+0300][2542ms] GC(10) Metaspace: 59169K(61440K)->59169K(61440K) NonClass: 51383K(52736K)->51383K(52736K) Class: 7785K(8704K)->7785K(8704K)
[2024-06-28T22:58:10.107+0300][2542ms] GC(10) Pause Young (Normal) (G1 Evacuation Pause) 107M->50M(134M) 3.607ms
[2024-06-28T22:58:10.107+0300][2542ms] GC(10) User=0.02s Sys=0.00s Real=0.00s
[2024-06-28T22:58:10.211+0300][2646ms] GC(11) Pause Young (Concurrent Start) (Metadata GC Threshold)
[2024-06-28T22:58:10.211+0300][2646ms] GC(11) Using 8 workers of 8 for evacuation
[2024-06-28T22:58:10.212+0300][2647ms] GC(11)   Pre Evacuate Collection Set: 0.1ms
[2024-06-28T22:58:10.212+0300][2647ms] GC(11)   Merge Heap Roots: 0.0ms
[2024-06-28T22:58:10.212+0300][2647ms] GC(11)   Evacuate Collection Set: 1.3ms
[2024-06-28T22:58:10.212+0300][2647ms] GC(11)   Post Evacuate Collection Set: 0.2ms
[2024-06-28T22:58:10.212+0300][2647ms] GC(11)   Other: 0.0ms
[2024-06-28T22:58:10.212+0300][2647ms] GC(11) Eden regions: 9->0(31)
[2024-06-28T22:58:10.212+0300][2647ms] GC(11) Survivor regions: 2->3(5)
[2024-06-28T22:58:10.213+0300][2647ms] GC(11) Old regions: 24->24
[2024-06-28T22:58:10.213+0300][2647ms] GC(11) Humongous regions: 0->0
[2024-06-28T22:58:10.213+0300][2647ms] GC(11) Metaspace: 60766K(63040K)->60766K(63040K) NonClass: 52789K(54144K)->52789K(54144K) Class: 7976K(8896K)->7976K(8896K)
[2024-06-28T22:58:10.213+0300][2647ms] GC(11) Pause Young (Concurrent Start) (Metadata GC Threshold) 67M->51M(134M) 1.863ms
[2024-06-28T22:58:10.213+0300][2647ms] GC(12) Concurrent Mark Cycle
[2024-06-28T22:58:10.213+0300][2648ms] GC(11) User=0.01s Sys=0.00s Real=0.00s
[2024-06-28T22:58:10.213+0300][2648ms] GC(12) Concurrent Scan Root Regions
[2024-06-28T22:58:10.214+0300][2649ms] GC(12) Concurrent Scan Root Regions 1.314ms
[2024-06-28T22:58:10.214+0300][2649ms] GC(12) Concurrent Mark
[2024-06-28T22:58:10.214+0300][2649ms] GC(12) Concurrent Mark From Roots
[2024-06-28T22:58:10.214+0300][2649ms] GC(12) Using 2 workers of 2 for marking
[2024-06-28T22:58:10.231+0300][2666ms] GC(12) Concurrent Mark From Roots 16.738ms
[2024-06-28T22:58:10.231+0300][2666ms] GC(12) Concurrent Preclean
[2024-06-28T22:58:10.231+0300][2666ms] GC(12) Concurrent Preclean 0.180ms
[2024-06-28T22:58:10.231+0300][2666ms] GC(12) Pause Remark
[2024-06-28T22:58:10.236+0300][2671ms] GC(12) Pause Remark 53M->53M(134M) 5.218ms
[2024-06-28T22:58:10.236+0300][2671ms] GC(12) User=0.03s Sys=0.00s Real=0.00s
[2024-06-28T22:58:10.236+0300][2671ms] GC(12) Concurrent Mark 22.373ms
[2024-06-28T22:58:10.236+0300][2671ms] GC(12) Concurrent Rebuild Remembered Sets and Scrub Regions
[2024-06-28T22:58:10.246+0300][2681ms] GC(12) Concurrent Rebuild Remembered Sets and Scrub Regions 9.923ms
[2024-06-28T22:58:10.247+0300][2682ms] GC(12) Pause Cleanup
[2024-06-28T22:58:10.247+0300][2682ms] GC(12) Pause Cleanup 54M->54M(134M) 0.506ms
[2024-06-28T22:58:10.247+0300][2682ms] GC(12) User=0.00s Sys=0.00s Real=0.00s
[2024-06-28T22:58:10.247+0300][2682ms] GC(12) Concurrent Clear Claimed Marks
[2024-06-28T22:58:10.248+0300][2682ms] GC(12) Concurrent Clear Claimed Marks 0.088ms
[2024-06-28T22:58:10.248+0300][2682ms] GC(12) Concurrent Cleanup for Next Mark
[2024-06-28T22:58:10.248+0300][2683ms] GC(12) Concurrent Cleanup for Next Mark 0.130ms
[2024-06-28T22:58:10.248+0300][2683ms] GC(12) Concurrent Mark Cycle 35.135ms
[2024-06-28T22:58:10.705+0300][3139ms] GC(13) Pause Young (Prepare Mixed) (G1 Evacuation Pause)
[2024-06-28T22:58:10.705+0300][3140ms] GC(13) Using 8 workers of 8 for evacuation
[2024-06-28T22:58:10.708+0300][3143ms] GC(13)   Pre Evacuate Collection Set: 0.1ms
[2024-06-28T22:58:10.709+0300][3144ms] GC(13)   Merge Heap Roots: 0.0ms
[2024-06-28T22:58:10.709+0300][3144ms] GC(13)   Evacuate Collection Set: 2.8ms
[2024-06-28T22:58:10.709+0300][3144ms] GC(13)   Post Evacuate Collection Set: 0.4ms
[2024-06-28T22:58:10.709+0300][3144ms] GC(13)   Other: 0.0ms
[2024-06-28T22:58:10.709+0300][3144ms] GC(13) Eden regions: 31->0(30)
[2024-06-28T22:58:10.709+0300][3144ms] GC(13) Survivor regions: 3->4(5)
[2024-06-28T22:58:10.709+0300][3144ms] GC(13) Old regions: 24->24
[2024-06-28T22:58:10.709+0300][3144ms] GC(13) Humongous regions: 0->0
[2024-06-28T22:58:10.709+0300][3144ms] GC(13) Metaspace: 73424K(75968K)->73424K(75968K) NonClass: 63575K(65088K)->63575K(65088K) Class: 9849K(10880K)->9849K(10880K)
[2024-06-28T22:58:10.709+0300][3144ms] GC(13) Pause Young (Prepare Mixed) (G1 Evacuation Pause) 113M->55M(134M) 4.440ms
[2024-06-28T22:58:10.709+0300][3144ms] GC(13) User=0.01s Sys=0.01s Real=0.00s
[2024-06-28T23:01:24.691+0300][197131ms] Heap
[2024-06-28T23:01:24.692+0300][197131ms]  garbage-first heap   total 137216K, used 107156K [0x0000000700000000, 0x0000000800000000)
[2024-06-28T23:01:24.692+0300][197131ms]   region size 2048K, 29 young (59392K), 4 survivors (8192K)
[2024-06-28T23:01:24.692+0300][197131ms]  Metaspace       used 77688K, committed 80448K, reserved 1179648K
[2024-06-28T23:01:24.692+0300][197131ms]   class space    used 10305K, committed 11392K, reserved 1048576K
